#-----------------------------------------------------------
# Vivado v2024.2 (64-bit)
# SW Build 5239630 on Fri Nov 08 22:34:34 MST 2024
# IP Build 5239520 on Sun Nov 10 16:12:51 MST 2024
# SharedData Build 5239561 on Fri Nov 08 14:39:27 MST 2024
# Start of session at: Wed Jan  1 21:14:49 2025
# Process ID         : 2280135
# Current directory  : /home/shane/pro/fpga/peta_prj/xc7z015clg485-2/xc7z015clg485-2.runs/synth_1
# Command line       : vivado -log design_1_wrapper.vds -product Vivado -mode batch -messageDb vivado.pb -notrace -source design_1_wrapper.tcl
# Log file           : /home/shane/pro/fpga/peta_prj/xc7z015clg485-2/xc7z015clg485-2.runs/synth_1/design_1_wrapper.vds
# Journal file       : /home/shane/pro/fpga/peta_prj/xc7z015clg485-2/xc7z015clg485-2.runs/synth_1/vivado.jou
# Running On         : asus4090
# Platform           : Ubuntu
# Operating System   : Ubuntu 22.04.5 LTS
# Processor Detail   : 13th Gen Intel(R) Core(TM) i9-13980HX
# CPU Frequency      : 801.313 MHz
# CPU Physical cores : 24
# CPU Logical cores  : 32
# Host memory        : 67008 MB
# Swap memory        : 134253 MB
# Total Virtual      : 201262 MB
# Available Virtual  : 104825 MB
#-----------------------------------------------------------
source design_1_wrapper.tcl -notrace
